> Task :app:preBuild UP-TO-DATE
> Task :app:preDebugBuild UP-TO-DATE
> Task :app:generateDebugResources
> Task :app:packageDebugResources
> Task :app:processDebugNavigationResources
> Task :app:parseDebugLocalResources
> Task :app:generateDebugRFile

> Task :app:compileDebugKotlin
w: file:///D:/DDMoney/app/src/main/java/com/dung/ddmoney/ui/categories/CategoriesScreen.kt:69:40 'val Icons.Filled.ArrowBack: ImageVector' is deprecated. Use the AutoMirrored version at Icons.AutoMirrored.Filled.ArrowBack.
w: file:///D:/DDMoney/app/src/main/java/com/dung/ddmoney/ui/dashboard/components/BalanceCard.kt:29:52 'constructor(p0: String!, p1: String!): Locale' is deprecated. Deprecated in Java.
w: file:///D:/DDMoney/app/src/main/java/com/dung/ddmoney/ui/theme/Theme.kt:65:20 'var statusBarColor: Int' is deprecated. Deprecated in Java.
w: file:///D:/DDMoney/app/src/main/java/com/dung/ddmoney/ui/transactions/AddTransactionScreen.kt:206:13 'fun Divider(modifier: Modifier = ..., thickness: Dp = ..., color: Color = ...): Unit' is deprecated. Renamed to HorizontalDivider.
w: file:///D:/DDMoney/app/src/main/java/com/dung/ddmoney/ui/transactions/AddTransactionScreen.kt:235:13 'fun Divider(modifier: Modifier = ..., thickness: Dp = ..., color: Color = ...): Unit' is deprecated. Renamed to HorizontalDivider.
w: file:///D:/DDMoney/app/src/main/java/com/dung/ddmoney/ui/transactions/AddTransactionScreen.kt:289:44 'val Icons.Filled.Notes: ImageVector' is deprecated. Use the AutoMirrored version at Icons.AutoMirrored.Filled.Notes.
w: file:///D:/DDMoney/app/src/main/java/com/dung/ddmoney/ui/transactions/AddTransactionScreen.kt:299:48 'val Icons.Filled.Notes: ImageVector' is deprecated. Use the AutoMirrored version at Icons.AutoMirrored.Filled.Notes.
w: file:///D:/DDMoney/app/src/main/java/com/dung/ddmoney/ui/transactions/AddTransactionScreen.kt:493:48 'val Icons.Filled.Backspace: ImageVector' is deprecated. Use the AutoMirrored version at Icons.AutoMirrored.Filled.Backspace.
w: file:///D:/DDMoney/app/src/main/java/com/dung/ddmoney/ui/wallets/TransferScreen.kt:69:36 'val Icons.Filled.ArrowBack: ImageVector' is deprecated. Use the AutoMirrored version at Icons.AutoMirrored.Filled.ArrowBack.
w: file:///D:/DDMoney/app/src/main/java/com/dung/ddmoney/ui/wallets/TransferScreen.kt:114:47 'val Icons.Filled.ArrowForward: ImageVector' is deprecated. Use the AutoMirrored version at Icons.AutoMirrored.Filled.ArrowForward.
w: file:///D:/DDMoney/app/src/main/java/com/dung/ddmoney/ui/wallets/TransferScreen.kt:235:64 'val Icons.Filled.Backspace: ImageVector' is deprecated. Use the AutoMirrored version at Icons.AutoMirrored.Filled.Backspace.
w: file:///D:/DDMoney/app/src/main/java/com/dung/ddmoney/ui/wallets/TransferScreen.kt:274:52 'val Icons.Filled.Notes: ImageVector' is deprecated. Use the AutoMirrored version at Icons.AutoMirrored.Filled.Notes.
w: file:///D:/DDMoney/app/src/main/java/com/dung/ddmoney/ui/wallets/WalletsScreen.kt:59:40 'val Icons.Filled.ArrowBack: ImageVector' is deprecated. Use the AutoMirrored version at Icons.AutoMirrored.Filled.ArrowBack.
w: file:///D:/DDMoney/app/src/main/java/com/dung/ddmoney/ui/wallets/WalletsScreen.kt:402:45 'constructor(p0: String!, p1: String!): Locale' is deprecated. Deprecated in Java.

BUILD SUCCESSFUL in 4s
6 actionable tasks: 6 executed
Consider enabling configuration cache to speed up this build: https://docs.gradle.org/9.1.0/userguide/configuration_cache_enabling.html
